1 - VITA
minishell$> export val1 1val val2
export: `1val': not a valid identifier
minishell$> echo $?
0
Au lieu de 1

bash:
miokrako@c1r5s4:~/Music/Minishell12$ export val1 1val val2
bash: export: `1val': not a valid identifier
miokrako@c1r5s4:~/Music/Minishell12$ echo $?
1

2 -
minishell$> > 1 > 2
minishell$> ls
1  includes  libft  Makefile  minishell  notes  rl.supp  srcs  t1.sh
minishell$>


bash-5.1$ > 1 > 2
bash-5.1$ ls
1  2  includes  libft  Makefile  minishell  notes  rl.supp  srcs  t1.sh
bash-5.1$

3 - VITA
minishell$> ^C
minishell$> ^C
minishell$> echo $?
0
minishell$>

bash:
miokrako@c1r5s4:~/Music/Minishell12$ ^C
miokrako@c1r5s4:~/Music/Minishell12$ echo $?
130

4- VITA
minishell$> env
PWD=/home/miokrako/Music/Minishell12
minishell$>

bash:
c1r5s4% env -i bash
miokrako@c1r5s4:/home/miokrako/Music/Minishell12$ env
PWD=/home/miokrako/Music/Minishell12
SHLVL=1
_=/usr/bin/env
miokrako@c1r5s4:/home/miokrako/Music/Minishell12$



voici les comportement de mon minishell sur les signals par rapport au vrai bash, analysez les,

il semble que Ctrl + C se comporte bien mais analysez
minishell$> cat
^\Quit (core dumped)
minishell$> cat | ls
includes  libft  Makefile  minishell  notes  rl.supp  srcs  t1.sh
^\minishell$>

bash-5.1$ cat
^\Quit (core dumped)
bash-5.1$ cat | ls
includes  libft  Makefile  minishell  notes  rl.supp  srcs  t1.sh
^\bash-5.1$

minishell$> cat
^C
minishell$> cat | ls
includes  libft  Makefile  minishell  notes  rl.supp  srcs  t1.sh
^Cminishell$>

bash-5.1$ cat
^C
bash-5.1$ cat | ls
includes  libft  Makefile  minishell  notes  rl.supp  srcs  t1.sh
^C





minishell$> export PATH=
minishell$> ls
minishell: ls: command not found
minishell$> cat
minishell: cat: command not found
minishell$> clear
minishell: clear: command not found
minishell$>

bash-5.2$ export PATH=
bash-5.2$ ls
bash: ls: Aucun fichier ou dossier de ce nom
bash-5.2$ cat
bash: cat: Aucun fichier ou dossier de ce nom
bash-5.2$ clear
bash: clear: Aucun fichier ou dossier de ce nom
bash-5.2$
