1- VITA testena sisa
miokrako@c1r7s1:~/Music/br$ bash | wc -l
miokrako@c1r7s1:~/Music/br$
miokrako@c1r7s1:~/Music/br$
miokrako@c1r7s1:~/Music/br$
miokrako@c1r7s1:~/Music/br$
miokrako@c1r7s1:~/Music/br$
miokrako@c1r7s1:~/Music/br$
miokrako@c1r7s1:~/Music/br$
exit
0

miokrako@c1r7s1:~/Music/br$ ./minishell | wc -l
10
miokrako@c1r7s1:~/Music/br$ ./minishell | wc -l
minishell: ghello: command not found
11
miokrako@c1r7s1:~/Music/br$


2- VITA testena sisa
minishell$> cat < sdgjk
minishell: sdgjk: No such file or directory
boucle infinie ne renvoie pas de prompt

miokrako@c1r7s1:~/Music/br$ cat < fgjhfjkd
bash: fgjhfjkd: No such file or directory
miokrako@c1r7s1:~/Music/br$

3- VITA testena sisa
bash:
miokrako@c1r7s1:~/Music/br$ export eval
miokrako@c1r7s1:~/Music/br$ export | grep eval
declare -x eval
miokrako@c1r7s1:~/Music/br$ export eval=42
miokrako@c1r7s1:~/Music/br$ export | grep eval
declare -x eval="42"
miokrako@c1r7s1:~/Music/br$ export eval
miokrako@c1r7s1:~/Music/br$ export | grep eval
declare -x eval="42"
miokrako@c1r7s1:~/Music/br$

minishell$> export eval
minishell$> export | grep eval
declare -x eval
minishell$> export eval=42
minishell$> export | grep eval
declare -x eval="42"
minishell$> export eval
minishell$> export | grep eval
declare -x eval
minishell$>

ETOO
bash-5.2$ export eval
bash-5.2$ export | grep eval
export eval
bash-5.2$ env | grep eval
bash-5.2$ export eval=
bash-5.2$ export | grep eval
export eval=""
bash-5.2$ env | grep eval
eval=
bash-5.2$ export eval=42
bash-5.2$ env | grep eval
eval=42
bash-5.2$ export | grep eval
export eval="42"
bash-5.2$ export eval=
bash-5.2$ env | grep eval
eval=
bash-5.2$ export | grep eval
export eval=""
bash-5.2$ export eval=1
bash-5.2$ env | grep eval
eval=1
bash-5.2$ export | grep eval
export eval="1"
bash-5.2$ export eval
bash-5.2$ env | grep eval
eval=1
bash-5.2$ export | grep eval
export eval="1"
bash-5.2$

minishell$> export eval
minishell$> export | grep eval
declare -x eval
minishell$> env | grep eval
minishell$> export eval=
minishell$> export | grep eval
declare -x eval=""
minishell$> env | grep eval
eval=
minishell$> export eval=42
minishell$> env | grep eval
eval=42
minishell$> export eval=42
minishell$> env | grep eval
eval=42
minishell$> export | grep eval
declare -x eval="42"
minishell$> export eval=
minishell$> env | grep eval
eval=
minishell$> export | grep eval
declare -x eval=""
minishell$> export eval=1
minishell$> env | grep eval
eval=1
minishell$> export | grep eval
declare -x eval="1"
minishell$> export eval
minishell$> env | grep eval
eval=1
minishell$> export | grep eval
declare -x eval="1"
minishell$> ^C
minishell$>





4- VITA testena sisa
minishell$> cat < fsjfgk > que
minishell: fsjfgk: No such file or directory

^C
minishell$> ls
includes  libft  Makefile  minishell  notes  que  srcs
minishell$>
fichier que cree et ne renvoie pas le prompt lors de cat < fsjfgk > que

miokrako@c1r7s1:~/Music/br$ cat < fsjfgk > qui
bash: fsjfgk: No such file or directory
miokrako@c1r7s1:~/Music/br$ ls
includes  libft  Makefile  minishell  notes  srcs
miokrako@c1r7s1:~/Music/br$

bash ne cree pas le fichier 'qui'

5- VITA testena sisa
sudo
minishell$> sudo
minishell: sudo: command not found
minishell$> /bin/sudo
minishell: /bin/sudo: Permission denied
minishell$>

miokrako@c1r7s1:~/Music/br$ sudo
bash: /usr/bin/sudo: Permission denied
miokrako@c1r7s1:~/Music/br$ /bin/sudo
bash: /bin/sudo: Permission denied
miokrako@c1r7s1:~/Music/br$

6- VITA testena sisa misy leaks

test 1:
minishell$> mkdir a a/b
minishell$> cd a/b
minishell$> rm -r ../../a
minishell$> cd ..
minishell: cd: ..: No such file or directory
minishell$> pwd
/home/mioky/Musique/tapaka/a/b
minishell$> cd ..
minishell: cd: ..: No such file or directory
minishell$> pwd
/home/mioky/Musique/tapaka/a/b
minishell$> cd ..
minishell: cd: ..: No such file or directory
minishell$> pwd
/home/mioky/Musique/tapaka/a/b
minishell$> cd ..
minishell: cd: ..: No such file or directory
minishell$> pwd
/home/mioky/Musique/tapaka/a/b
minishell$>
ne sort jamais

bash-5.2$ mkdir a a/b
bash-5.2$ cd a/b
bash-5.2$ rm -r ../../a
bash-5.2$ cd ..
bash: cd: ..: Aucun fichier ou dossier de ce nom
bash-5.2$ pwd
pwd : erreur de détermination du répertoire actuel : getcwd : ne peut accéder aux répertoires parents : Aucun fichier ou dossier de ce nom
bash-5.2$ cd ..
chdir : erreur de détermination du répertoire actuel : getcwd : ne peut accéder aux répertoires parents : Aucun fichier ou dossier de ce nom
bash-5.2$ pwd
pwd : erreur de détermination du répertoire actuel : getcwd : ne peut accéder aux répertoires parents : Aucun fichier ou dossier de ce nom
bash-5.2$ cd ..
chdir : erreur de détermination du répertoire actuel : getcwd : ne peut accéder aux répertoires parents : Aucun fichier ou dossier de ce nom
bash-5.2$ pwd
/home/mioky/Musique/tapaka
bash-5.2$



test 2 avec unset

minishell$> mkdir a a/b
minishell$> cd a/b
minishell$> rm -r ../../a
minishell$> unset PWD OLDPWD
minishell$> pwd
pwd: error retrieving current directory: getcwd: cannot access parent directories: No such file or directory
minishell$> cd ..
cd: error retrieving current directory: getcwd: cannot access parent directories: No such file or directory
minishell$> pwd
pwd: error retrieving current directory: getcwd: cannot access parent directories: No such file or directory
minishell$> cd ..
minishell$> pwd
/home/mioky/Musique/Mioky
minishell$>


bash-5.2$ mkdir a a/b
bash-5.2$ cd a/b
bash-5.2$ rm -r ../../a
bash-5.2$ unset PWD OLDPWD
bash-5.2$ pwd
pwd : erreur de détermination du répertoire actuel : getcwd : ne peut accéder aux répertoires parents : Aucun fichier ou dossier de ce nom
bash-5.2$ cd ..
chdir : erreur de détermination du répertoire actuel : getcwd : ne peut accéder aux répertoires parents : Aucun fichier ou dossier de ce nom
bash-5.2$ pwd
pwd : erreur de détermination du répertoire actuel : getcwd : ne peut accéder aux répertoires parents : Aucun fichier ou dossier de ce nom
bash-5.2$ cd ..
chdir : erreur de détermination du répertoire actuel : getcwd : ne peut accéder aux répertoires parents : Aucun fichier ou dossier de ce nom
bash-5.2$ pwd
/home/mioky/Musique/Mioky
bash-5.2$





7-
expander_process2.c
misy error mampiasa printf, soloina ft_putstr_fd
static int	expand_redir_file(t_redir *redir, t_shell *shell)
